// Jest Snapshot v1, https://goo.gl/fbAQLP

exports[`Testing ProfileScreen Renders as expected 1`] = `
ShallowWrapper {
  "length": 1,
  Symbol(enzyme.__root__): [Circular],
  Symbol(enzyme.__unrendered__): <ProfileScreen
    carSaved={undefined}
    navigate={[Function]}
    user="{\\"UserID\\":111,\\"Email\\":\\"awkdnawpidn@aiwfaf.no\\",\\"CompanyID\\":7,\\"CarID\\":82,\\"Address\\":\\"Oiabfoaiwbf\\",\\"Fname\\":\\"Obafiobafiob\\",\\"Lname\\":\\"Oabfoaib\\",\\"FuelDay\\":0,\\"FuelTime\\":\\"12-00\\",\\"FuelNotification\\":false,\\"createdAt\\":\\"2018-05-20T11:30:10.000Z\\",\\"updatedAt\\":\\"2018-05-20T11:30:21.000Z\\"}"
  />,
  Symbol(enzyme.__renderer__): Object {
    "batchedUpdates": [Function],
    "getNode": [Function],
    "render": [Function],
    "simulateEvent": [Function],
    "unmount": [Function],
  },
  Symbol(enzyme.__node__): Object {
    "instance": null,
    "key": undefined,
    "nodeType": "class",
    "props": Object {
      "style": Object {
        "backgroundColor": "#002776",
        "flex": 1,
      },
    },
    "ref": null,
    "rendered": null,
    "type": [Function],
  },
  Symbol(enzyme.__nodes__): Array [
    Object {
      "instance": null,
      "key": undefined,
      "nodeType": "class",
      "props": Object {
        "style": Object {
          "backgroundColor": "#002776",
          "flex": 1,
        },
      },
      "ref": null,
      "rendered": null,
      "type": [Function],
    },
  ],
  Symbol(enzyme.__options__): Object {
    "adapter": ReactSixteenAdapter {
      "options": Object {
        "enableComponentDidUpdateOnSetState": true,
      },
    },
    "context": Object {
      "store": Object {
        "clearActions": [Function],
        "dispatch": [Function],
        "getActions": [Function],
        "getState": [Function],
        "replaceReducer": [Function],
        "subscribe": [Function],
      },
    },
  },
}
`;
