// Jest Snapshot v1, https://goo.gl/fbAQLP

exports[`Testing register car form Renders as expected 1`] = `
ShallowWrapper {
  "length": 1,
  Symbol(enzyme.__root__): [Circular],
  Symbol(enzyme.__unrendered__): <Connect(Form(Connect(Form)))
    destroyOnUnmount={true}
    enableReinitialize={false}
    forceUnregisterOnUnmount={false}
    form="getCar"
    getFormState={[Function]}
    initialValues={undefined}
    keepDirtyOnReinitialize={false}
    persistentSubmitErrors={false}
    pure={true}
    shouldAsyncValidate={[Function]}
    shouldError={[Function]}
    shouldValidate={[Function]}
    shouldWarn={[Function]}
    touchOnBlur={true}
    touchOnChange={false}
    updateUnregisteredFields={false}
  />,
  Symbol(enzyme.__renderer__): Object {
    "batchedUpdates": [Function],
    "getNode": [Function],
    "render": [Function],
    "simulateEvent": [Function],
    "unmount": [Function],
  },
  Symbol(enzyme.__node__): Object {
    "instance": null,
    "key": undefined,
    "nodeType": "class",
    "props": Object {
      "anyTouched": false,
      "array": Object {
        "insert": [Function],
        "move": [Function],
        "pop": [Function],
        "push": [Function],
        "remove": [Function],
        "removeAll": [Function],
        "shift": [Function],
        "splice": [Function],
        "swap": [Function],
        "unshift": [Function],
      },
      "arrayInsert": [Function],
      "arrayMove": [Function],
      "arrayPop": [Function],
      "arrayPush": [Function],
      "arrayRemove": [Function],
      "arrayRemoveAll": [Function],
      "arrayShift": [Function],
      "arraySplice": [Function],
      "arraySwap": [Function],
      "arrayUnshift": [Function],
      "asyncErrors": undefined,
      "asyncValidating": false,
      "autofill": [Function],
      "blur": [Function],
      "change": [Function],
      "clearAsyncError": [Function],
      "clearFields": [Function],
      "clearSubmit": [Function],
      "clearSubmitErrors": [Function],
      "destroy": [Function],
      "destroyOnUnmount": true,
      "dirty": false,
      "dispatch": [Function],
      "enableReinitialize": false,
      "error": undefined,
      "focus": [Function],
      "forceUnregisterOnUnmount": false,
      "form": "getCar",
      "getFormState": [Function],
      "initialValues": undefined,
      "initialize": [Function],
      "initialized": false,
      "invalid": false,
      "keepDirtyOnReinitialize": false,
      "persistentSubmitErrors": false,
      "pristine": true,
      "pure": true,
      "registerField": [Function],
      "registeredFields": undefined,
      "reset": [Function],
      "resetSection": [Function],
      "setSubmitFailed": [Function],
      "setSubmitSucceeded": [Function],
      "shouldAsyncValidate": [Function],
      "shouldError": [Function],
      "shouldValidate": [Function],
      "shouldWarn": [Function],
      "startAsyncValidation": [Function],
      "startSubmit": [Function],
      "stopAsyncValidation": [Function],
      "stopSubmit": [Function],
      "submit": [Function],
      "submitFailed": false,
      "submitSucceeded": false,
      "submitting": false,
      "syncErrors": Object {},
      "syncWarnings": Object {},
      "touch": [Function],
      "touchOnBlur": true,
      "touchOnChange": false,
      "triggerSubmit": undefined,
      "unregisterField": [Function],
      "untouch": [Function],
      "updateSyncErrors": [Function],
      "updateSyncWarnings": [Function],
      "updateUnregisteredFields": false,
      "valid": true,
      "validExceptSubmit": true,
      "values": Object {},
      "warning": undefined,
    },
    "ref": [Function],
    "rendered": null,
    "type": [Function],
  },
  Symbol(enzyme.__nodes__): Array [
    Object {
      "instance": null,
      "key": undefined,
      "nodeType": "class",
      "props": Object {
        "anyTouched": false,
        "array": Object {
          "insert": [Function],
          "move": [Function],
          "pop": [Function],
          "push": [Function],
          "remove": [Function],
          "removeAll": [Function],
          "shift": [Function],
          "splice": [Function],
          "swap": [Function],
          "unshift": [Function],
        },
        "arrayInsert": [Function],
        "arrayMove": [Function],
        "arrayPop": [Function],
        "arrayPush": [Function],
        "arrayRemove": [Function],
        "arrayRemoveAll": [Function],
        "arrayShift": [Function],
        "arraySplice": [Function],
        "arraySwap": [Function],
        "arrayUnshift": [Function],
        "asyncErrors": undefined,
        "asyncValidating": false,
        "autofill": [Function],
        "blur": [Function],
        "change": [Function],
        "clearAsyncError": [Function],
        "clearFields": [Function],
        "clearSubmit": [Function],
        "clearSubmitErrors": [Function],
        "destroy": [Function],
        "destroyOnUnmount": true,
        "dirty": false,
        "dispatch": [Function],
        "enableReinitialize": false,
        "error": undefined,
        "focus": [Function],
        "forceUnregisterOnUnmount": false,
        "form": "getCar",
        "getFormState": [Function],
        "initialValues": undefined,
        "initialize": [Function],
        "initialized": false,
        "invalid": false,
        "keepDirtyOnReinitialize": false,
        "persistentSubmitErrors": false,
        "pristine": true,
        "pure": true,
        "registerField": [Function],
        "registeredFields": undefined,
        "reset": [Function],
        "resetSection": [Function],
        "setSubmitFailed": [Function],
        "setSubmitSucceeded": [Function],
        "shouldAsyncValidate": [Function],
        "shouldError": [Function],
        "shouldValidate": [Function],
        "shouldWarn": [Function],
        "startAsyncValidation": [Function],
        "startSubmit": [Function],
        "stopAsyncValidation": [Function],
        "stopSubmit": [Function],
        "submit": [Function],
        "submitFailed": false,
        "submitSucceeded": false,
        "submitting": false,
        "syncErrors": Object {},
        "syncWarnings": Object {},
        "touch": [Function],
        "touchOnBlur": true,
        "touchOnChange": false,
        "triggerSubmit": undefined,
        "unregisterField": [Function],
        "untouch": [Function],
        "updateSyncErrors": [Function],
        "updateSyncWarnings": [Function],
        "updateUnregisteredFields": false,
        "valid": true,
        "validExceptSubmit": true,
        "values": Object {},
        "warning": undefined,
      },
      "ref": [Function],
      "rendered": null,
      "type": [Function],
    },
  ],
  Symbol(enzyme.__options__): Object {
    "adapter": ReactSixteenAdapter {
      "options": Object {
        "enableComponentDidUpdateOnSetState": true,
      },
    },
    "context": Object {
      "store": Object {
        "clearActions": [Function],
        "dispatch": [Function],
        "getActions": [Function],
        "getState": [Function],
        "replaceReducer": [Function],
        "subscribe": [Function],
      },
    },
  },
}
`;
