// Jest Snapshot v1, https://goo.gl/fbAQLP

exports[`Testing menu boxes Renders as expected 1`] = `
ShallowWrapper {
  "length": 1,
  Symbol(enzyme.__root__): [Circular],
  Symbol(enzyme.__unrendered__): <MenuBox
    navigate={[Function]}
  />,
  Symbol(enzyme.__renderer__): Object {
    "batchedUpdates": [Function],
    "getNode": [Function],
    "render": [Function],
    "simulateEvent": [Function],
    "unmount": [Function],
  },
  Symbol(enzyme.__node__): Object {
    "instance": null,
    "key": undefined,
    "nodeType": "class",
    "props": Object {
      "activeOpacity": 0.2,
      "children": <View
        style={
          Object {
            "display": "flex",
            "flexDirection": "column",
            "marginLeft": 18.75,
            "marginRight": 18.75,
          }
        }
      >
        <View
          style={
            Object {
              "alignItems": "center",
              "backgroundColor": "white",
              "borderBottomLeftRadius": 100,
              "borderBottomRightRadius": 100,
              "borderTopLeftRadius": 100,
              "borderTopRightRadius": 100,
              "display": "flex",
              "height": 178.57142857142856,
              "justifyContent": "center",
              "marginBottom": 15,
              "marginLeft": 12.5,
              "marginRight": 12.5,
              "width": 178.57142857142856,
            }
          }
        >
          <Image
            resizeMode="contain"
            source={undefined}
            style={
              Object {
                "height": 200.1,
                "width": 112.5,
              }
            }
          />
        </View>
        <Text
          accessible={true}
          allowFontScaling={true}
          ellipsizeMode="tail"
          style={
            Object {
              "color": "white",
              "fontFamily": "Roboto",
              "fontWeight": "bold",
              "marginBottom": 41.666666666666664,
              "textAlign": "center",
            }
          }
        />
      </View>,
      "onPress": [Function],
    },
    "ref": null,
    "rendered": Object {
      "instance": null,
      "key": undefined,
      "nodeType": "class",
      "props": Object {
        "children": Array [
          <View
            style={
              Object {
                "alignItems": "center",
                "backgroundColor": "white",
                "borderBottomLeftRadius": 100,
                "borderBottomRightRadius": 100,
                "borderTopLeftRadius": 100,
                "borderTopRightRadius": 100,
                "display": "flex",
                "height": 178.57142857142856,
                "justifyContent": "center",
                "marginBottom": 15,
                "marginLeft": 12.5,
                "marginRight": 12.5,
                "width": 178.57142857142856,
              }
            }
          >
            <Image
              resizeMode="contain"
              source={undefined}
              style={
                Object {
                  "height": 200.1,
                  "width": 112.5,
                }
              }
            />
          </View>,
          <Text
            accessible={true}
            allowFontScaling={true}
            ellipsizeMode="tail"
            style={
              Object {
                "color": "white",
                "fontFamily": "Roboto",
                "fontWeight": "bold",
                "marginBottom": 41.666666666666664,
                "textAlign": "center",
              }
            }
          />,
        ],
        "style": Object {
          "display": "flex",
          "flexDirection": "column",
          "marginLeft": 18.75,
          "marginRight": 18.75,
        },
      },
      "ref": null,
      "rendered": Array [
        Object {
          "instance": null,
          "key": undefined,
          "nodeType": "class",
          "props": Object {
            "children": <Image
              resizeMode="contain"
              source={undefined}
              style={
                Object {
                  "height": 200.1,
                  "width": 112.5,
                }
              }
            />,
            "style": Object {
              "alignItems": "center",
              "backgroundColor": "white",
              "borderBottomLeftRadius": 100,
              "borderBottomRightRadius": 100,
              "borderTopLeftRadius": 100,
              "borderTopRightRadius": 100,
              "display": "flex",
              "height": 178.57142857142856,
              "justifyContent": "center",
              "marginBottom": 15,
              "marginLeft": 12.5,
              "marginRight": 12.5,
              "width": 178.57142857142856,
            },
          },
          "ref": null,
          "rendered": Object {
            "instance": null,
            "key": undefined,
            "nodeType": "class",
            "props": Object {
              "resizeMode": "contain",
              "source": undefined,
              "style": Object {
                "height": 200.1,
                "width": 112.5,
              },
            },
            "ref": null,
            "rendered": null,
            "type": [Function],
          },
          "type": [Function],
        },
        Object {
          "instance": null,
          "key": undefined,
          "nodeType": "class",
          "props": Object {
            "accessible": true,
            "allowFontScaling": true,
            "children": undefined,
            "ellipsizeMode": "tail",
            "style": Object {
              "color": "white",
              "fontFamily": "Roboto",
              "fontWeight": "bold",
              "marginBottom": 41.666666666666664,
              "textAlign": "center",
            },
          },
          "ref": null,
          "rendered": null,
          "type": [Function],
        },
      ],
      "type": [Function],
    },
    "type": [Function],
  },
  Symbol(enzyme.__nodes__): Array [
    Object {
      "instance": null,
      "key": undefined,
      "nodeType": "class",
      "props": Object {
        "activeOpacity": 0.2,
        "children": <View
          style={
            Object {
              "display": "flex",
              "flexDirection": "column",
              "marginLeft": 18.75,
              "marginRight": 18.75,
            }
          }
        >
          <View
            style={
              Object {
                "alignItems": "center",
                "backgroundColor": "white",
                "borderBottomLeftRadius": 100,
                "borderBottomRightRadius": 100,
                "borderTopLeftRadius": 100,
                "borderTopRightRadius": 100,
                "display": "flex",
                "height": 178.57142857142856,
                "justifyContent": "center",
                "marginBottom": 15,
                "marginLeft": 12.5,
                "marginRight": 12.5,
                "width": 178.57142857142856,
              }
            }
          >
            <Image
              resizeMode="contain"
              source={undefined}
              style={
                Object {
                  "height": 200.1,
                  "width": 112.5,
                }
              }
            />
          </View>
          <Text
            accessible={true}
            allowFontScaling={true}
            ellipsizeMode="tail"
            style={
              Object {
                "color": "white",
                "fontFamily": "Roboto",
                "fontWeight": "bold",
                "marginBottom": 41.666666666666664,
                "textAlign": "center",
              }
            }
          />
        </View>,
        "onPress": [Function],
      },
      "ref": null,
      "rendered": Object {
        "instance": null,
        "key": undefined,
        "nodeType": "class",
        "props": Object {
          "children": Array [
            <View
              style={
                Object {
                  "alignItems": "center",
                  "backgroundColor": "white",
                  "borderBottomLeftRadius": 100,
                  "borderBottomRightRadius": 100,
                  "borderTopLeftRadius": 100,
                  "borderTopRightRadius": 100,
                  "display": "flex",
                  "height": 178.57142857142856,
                  "justifyContent": "center",
                  "marginBottom": 15,
                  "marginLeft": 12.5,
                  "marginRight": 12.5,
                  "width": 178.57142857142856,
                }
              }
            >
              <Image
                resizeMode="contain"
                source={undefined}
                style={
                  Object {
                    "height": 200.1,
                    "width": 112.5,
                  }
                }
              />
            </View>,
            <Text
              accessible={true}
              allowFontScaling={true}
              ellipsizeMode="tail"
              style={
                Object {
                  "color": "white",
                  "fontFamily": "Roboto",
                  "fontWeight": "bold",
                  "marginBottom": 41.666666666666664,
                  "textAlign": "center",
                }
              }
            />,
          ],
          "style": Object {
            "display": "flex",
            "flexDirection": "column",
            "marginLeft": 18.75,
            "marginRight": 18.75,
          },
        },
        "ref": null,
        "rendered": Array [
          Object {
            "instance": null,
            "key": undefined,
            "nodeType": "class",
            "props": Object {
              "children": <Image
                resizeMode="contain"
                source={undefined}
                style={
                  Object {
                    "height": 200.1,
                    "width": 112.5,
                  }
                }
              />,
              "style": Object {
                "alignItems": "center",
                "backgroundColor": "white",
                "borderBottomLeftRadius": 100,
                "borderBottomRightRadius": 100,
                "borderTopLeftRadius": 100,
                "borderTopRightRadius": 100,
                "display": "flex",
                "height": 178.57142857142856,
                "justifyContent": "center",
                "marginBottom": 15,
                "marginLeft": 12.5,
                "marginRight": 12.5,
                "width": 178.57142857142856,
              },
            },
            "ref": null,
            "rendered": Object {
              "instance": null,
              "key": undefined,
              "nodeType": "class",
              "props": Object {
                "resizeMode": "contain",
                "source": undefined,
                "style": Object {
                  "height": 200.1,
                  "width": 112.5,
                },
              },
              "ref": null,
              "rendered": null,
              "type": [Function],
            },
            "type": [Function],
          },
          Object {
            "instance": null,
            "key": undefined,
            "nodeType": "class",
            "props": Object {
              "accessible": true,
              "allowFontScaling": true,
              "children": undefined,
              "ellipsizeMode": "tail",
              "style": Object {
                "color": "white",
                "fontFamily": "Roboto",
                "fontWeight": "bold",
                "marginBottom": 41.666666666666664,
                "textAlign": "center",
              },
            },
            "ref": null,
            "rendered": null,
            "type": [Function],
          },
        ],
        "type": [Function],
      },
      "type": [Function],
    },
  ],
  Symbol(enzyme.__options__): Object {
    "adapter": ReactSixteenAdapter {
      "options": Object {
        "enableComponentDidUpdateOnSetState": true,
      },
    },
    "context": Object {
      "store": Object {
        "clearActions": [Function],
        "dispatch": [Function],
        "getActions": [Function],
        "getState": [Function],
        "replaceReducer": [Function],
        "subscribe": [Function],
      },
    },
  },
}
`;
